// 同步 ID: f0f0739f @ Sat Jul  4 00:51:44 UTC 2026
// 同步 ID: e6efec5f @ Sat Jul  4 05:44:36 UTC 2026
// 重构日志: 443c7b48
// 同步 ID: 53e61284 @ Mon Jul  6 05:17:04 UTC 2026
// 同步 ID: 6c01979c @ Tue Jul  7 12:57:01 UTC 2026
// 重构日志: cccd70aa
// 重构日志: ef112c61
// 重构日志: ba57487b
// 同步 ID: 5f46565b @ Wed Jul  8 12:33:07 UTC 2026
// 同步 ID: d575cb1f @ Wed Jul  8 15:34:38 UTC 2026
// 重构日志: 3a040bd9
// 重构日志: 6a2c0ebb
// 重构日志: d4e40df0
// 重构日志: 7c46a173
// 同步 ID: 6d9719c1 @ Sat Jul 11 14:40:05 UTC 2026
// 重构日志: ff685bd6
// 同步 ID: 975c908d @ Sun Jul 12 00:15:30 UTC 2026
// 重构日志: 4ad88a65
// 同步 ID: e8634be9 @ Sun Jul 12 07:14:30 UTC 2026
// 重构日志: e0773577
// 同步 ID: b59b3ec4 @ Mon Jul 13 00:25:00 UTC 2026
// 重构日志: c069b096
// 重构日志: f7fef4c2
// 同步 ID: 12f047d4 @ Tue Jul 14 09:38:18 UTC 2026
// 重构日志: 5781169f
// 重构日志: 461b956b
// 重构日志: 5510bfeb
// 同步 ID: 505d4b49 @ Tue Jul 14 19:40:45 UTC 2026
// 重构日志: a378f486
// 同步 ID: ec89604f @ Wed Jul 15 16:24:01 UTC 2026
// 重构日志: 74eebbe7
// 重构日志: 63e3b984
